
> argentina-travel@0.1.0 seo-audit
> node scripts/seo-audit.mjs

SEO audit base URL: https://www.goargentina.ru
✓ static: Tour Product JSON-LD component
✓ static: Tour Product JSON-LD builder
✓ static: Excursion JSON-LD builder
✓ static: BreadcrumbList JSON-LD component
✓ static: i18n sitemap expansion
✓ robots.txt — valid sitemap directive
✓ sitemap.xml — 558 URLs
✓ sitemap URLs — unique, canonical origin, no query/hash
… crawling 558 sitemap URLs (concurrency 8)
✓ full sitemap crawl — 558/558 pages indexable with self-canonical
✓ metadata: /
✓ metadata: /tours
✓ metadata: /excursions
✓ JSON-LD (tour detail): /tours/mnogo-trekkinga-v-patagonii-kruizy-na-korablyah-ushuayya-i-iguasu-yt52537
✓ JSON-LD (excursion detail): /excursions/glavnoe-v-buenos-ayrese-istoriya-i-arhitektura-t50900
✓ JSON-LD (blog post): /blog/best-time-to-visit-argentina
✓ hub page SEO: /destinations
✓ hub page SEO: /en|es/places

Report: var/ops/seo-audit-production-baseline-last.json

SEO audit passed.
! content/metadata warnings: 1 (see JSON report)
