
> argentina-travel@0.1.0 test
> vitest run


 RUN  v3.2.6 /Users/Study/Projects/argentina-travel

 ✓ src/lib/project-readiness-score.test.ts (1 test) 53ms
 ✓ src/lib/booking-lookup-security.test.ts (2 tests) 79ms
 ✓ src/lib/ops/analytics-readiness-server.test.ts (2 tests) 82ms
 ✓ src/lib/currency-filter-amount.test.ts (4 tests) 16ms
 ✓ src/lib/map-geodata-sanitize.test.ts (4 tests) 40ms
 ✓ src/lib/argentina-travel-translate.test.ts (13 tests) 38ms
 ✓ src/lib/tripster/partner-tour-price.test.ts (4 tests) 21ms
 ✓ src/lib/youtravel/booking-status.test.ts (8 tests) 197ms
 ✓ src/lib/analytics/yandex-metrika.test.ts (14 tests) 7ms
 ✓ src/lib/excursion-price-display.test.ts (9 tests) 22ms
 ✓ src/lib/places-catalog-integrity.test.ts (11 tests) 28ms
 ✓ src/lib/tour-place-match.test.ts (2 tests) 10ms
 ✓ src/lib/i18n/sync-messages.test.ts (6 tests) 16ms
 ✓ src/lib/places-catalog-seo.test.ts (5 tests) 16ms
 ✓ src/lib/youtravel/booking-conditions.test.ts (2 tests) 18ms
 ✓ src/lib/media-manifest-integrity.test.ts (2 tests) 14ms
 ✓ src/lib/youtravel/prepayment.test.ts (5 tests) 21ms
 ✓ src/lib/favorites-server.test.ts (5 tests) 16ms
 ✓ src/lib/youtravel/partner-tour-content.test.ts (27 tests) 25ms
 ✓ src/lib/excursion-schedule.test.ts (7 tests) 14ms
 ✓ src/lib/blog-reading-history-sync.test.ts (4 tests) 12ms
 ✓ src/lib/cms/page-builder/pattern-registry.test.ts (3 tests) 17ms
 ✓ src/lib/tripster/fetch-experience-affiliate.test.ts (1 test) 3ms
 ✓ src/lib/map-search.test.ts (3 tests) 12ms
 ✓ src/lib/sprint6-home.test.ts (7 tests) 8ms
 ✓ src/lib/youtravel/partner-tour-guide.test.ts (8 tests) 8ms
 ✓ src/lib/marketplace-departure-calendar.test.ts (4 tests) 18ms
 ✓ src/app/api/blog/comments/route.test.ts (1 test) 9ms
 ✓ src/lib/youtravel/partner-tour-details.test.ts (19 tests) 14ms
 ✓ src/lib/tripster/partner-pipeline.test.ts (8 tests) 28ms
 ✓ src/lib/blog-post-ux.test.ts (35 tests) 40ms
 ✓ src/data/argentina-flight-routes.test.ts (6 tests) 13ms
 ✓ src/lib/dialog-outside-events.test.ts (3 tests) 4ms
 ✓ src/lib/knowledge-base/kb-breadcrumbs-json-ld.test.ts (1 test) 4ms
 ✓ src/lib/perf-budget.test.ts (6 tests) 9ms
 ✓ src/lib/media/cms-media-image.test.ts (6 tests) 16ms
 ✓ src/lib/tour-route-endpoints.test.ts (4 tests) 3ms
 ✓ src/lib/site-url.test.ts (10 tests) 7ms
 ✓ src/lib/knowledge-base/publication-quality.test.ts (8 tests) 6ms
 ✓ src/lib/excursion-calendar.test.ts (6 tests) 14ms
 ✓ src/lib/blog-post-image-bindings.test.ts (5 tests) 8ms
 ✓ src/lib/catalog-json-ld.test.ts (4 tests) 5ms
 ✓ src/lib/analytics/gtm-events.test.ts (6 tests) 10ms
 ✓ src/lib/map-geodata-source.test.ts (2 tests) 2ms
 ✓ src/lib/sprint9-editorial.test.ts (7 tests) 6ms
 ✓ src/lib/map-thematic-derived.test.ts (2 tests) 3ms
 ✓ src/lib/blog-section-body.test.ts (28 tests) 7ms
 ✓ src/lib/favorites-store.test.ts (2 tests) 9ms
 ✓ src/lib/sprint5-trust.test.ts (9 tests) 15ms
 ✓ src/lib/sprint7-tours.test.ts (10 tests) 10ms
 ✓ src/lib/social-feed/social-feed.test.ts (5 tests) 6ms
 ✓ src/lib/analytics/product-events.test.ts (4 tests) 5ms
 ✓ src/lib/redirects/url-redirect-normalize.test.ts (8 tests) 3ms
 ✓ src/lib/youtravel/review-mapper.test.ts (7 tests) 8ms
 ✓ src/lib/blog-phase6.test.ts (8 tests) 8ms
 ✓ src/lib/excursion-search-index.test.ts (1 test) 2ms
 ✓ src/lib/cron/authorize-cron.test.ts (6 tests) 7ms
 ✓ src/lib/catalog-country-relevance.test.ts (6 tests) 15ms
 ✓ src/lib/sprint11-qa.test.ts (11 tests) 16ms
 ✓ src/lib/youtravel/partner-tour-route.test.ts (11 tests) 16ms
 ✓ src/lib/youtravel/affise-snapshots.test.ts (5 tests) 5ms
 ✓ src/lib/youtravel/offers-mapper.test.ts (16 tests) 5ms
 ✓ src/lib/production-icons.test.ts (5 tests) 6ms
 ✓ src/lib/flights/tour-flight-prefill.test.ts (16 tests) 15ms
 ✓ src/lib/user-experience/workspaces.test.ts (2 tests) 4ms
 ✓ src/lib/sprint8-geography.test.ts (7 tests) 8ms
 ✓ src/lib/catalog-stats.test.ts (4 tests) 9ms
 ✓ src/lib/cms/page-builder/block-normalize.test.ts (7 tests) 7ms
 ✓ src/lib/podbor/budget.test.ts (9 tests) 10ms
 ✓ src/lib/payments/sandbox-mode.test.ts (5 tests) 3ms
 ✓ src/lib/personalization/interaction-consent.test.ts (1 test) 4ms
 ✓ src/lib/cms/seo-utils.test.ts (9 tests) 3ms
 ✓ src/lib/flights/wl-search-params.test.ts (14 tests) 6ms
 ✓ src/lib/cms/site-globals/normalize.test.ts (21 tests) 5ms
 ✓ src/lib/cms/cms-cutover.test.ts (10 tests) 7ms
 ✓ src/lib/content-section-body.test.ts (9 tests) 5ms
 ✓ src/lib/youtravel/partner-tour-mapper.test.ts (4 tests) 6ms
 ✓ src/lib/youtravel/partner-pipeline.test.ts (12 tests) 7ms
 ✓ src/lib/tour-card-fallback-image.test.ts (5 tests) 3ms
 ✓ src/lib/blog-card-image.test.ts (4 tests) 6ms
 ✓ src/lib/detail-breadcrumbs.test.ts (4 tests) 6ms
 ✓ src/lib/sprint10-design.test.ts (9 tests) 9ms
 ✓ src/lib/tour-route-map.test.ts (7 tests) 4ms
 ✓ src/lib/youtravel/booking-fallback.test.ts (5 tests) 3ms
 ✓ src/lib/site-feedback/normalize-error.test.ts (7 tests) 2ms
 ✓ src/lib/tripster/checkout-url.test.ts (17 tests) 6ms
 ✓ src/lib/booking-create-pricing.test.ts (3 tests) 4ms
 ✓ src/lib/ops/deploy-env.test.ts (3 tests) 2ms
 ✓ src/lib/youtravel/marketplace-slug.test.ts (2 tests) 8ms
 ✓ src/lib/sprint1-stabilization.test.ts (2 tests) 5ms
 ✓ src/lib/youtravel/partner-tour-tags.test.ts (6 tests) 8ms
 ✓ src/lib/sprint2-ui.test.ts (4 tests) 8ms
 ✓ src/lib/excursion-date-label.test.ts (7 tests) 6ms
 ✓ src/app/api/blog/reading-history/route.test.ts (1 test) 6ms
 ✓ src/lib/article-plain-text.test.ts (5 tests) 3ms
 ✓ src/lib/native-product-workflow-security.test.ts (12 tests) 5ms
 ✓ src/lib/auth-role-security.test.ts (3 tests) 3ms
 ✓ src/lib/production-build-lock.test.ts (1 test) 2ms
 ✓ src/lib/tripster/partner-tour-details.test.ts (5 tests) 6ms
 ✓ src/lib/locale-breadcrumbs.test.ts (4 tests) 4ms
 ✓ src/lib/tour-price-public.test.ts (6 tests) 4ms
 ✓ src/lib/filter-tours.test.ts (13 tests) 7ms
 ✓ src/lib/cms-content-cross-links.test.ts (6 tests) 8ms
 ✓ src/lib/youtravel/important-to-know.test.ts (4 tests) 6ms
 ✓ src/lib/media-detail-gallery-layout.test.ts (8 tests) 5ms
 ✓ src/lib/map-thematic-layers.test.ts (5 tests) 9ms
 ✓ src/lib/native-excursion-mapper.test.ts (3 tests) 4ms
 ✓ src/app/api/bookings/notify/route.test.ts (1 test) 3ms
 ✓ src/lib/media/media-cdn.test.ts (5 tests) 3ms
 ✓ src/lib/sort-tours.test.ts (3 tests) 5ms
 ✓ src/lib/map-thematic-loader.test.ts (3 tests) 2ms
 ✓ src/lib/partner-tours/filter-price.test.ts (7 tests) 3ms
 ✓ src/lib/site-sections-json-ld.test.ts (3 tests) 3ms
 ✓ src/lib/booking-cancellation-integrity.test.ts (1 test) 3ms
 ✓ src/lib/tripster/booking-api.test.ts (5 tests) 4ms
 ✓ src/lib/travelpayouts/whitelabel/insurance-widget-lifecycle.test.ts (1 test) 2ms
 ✓ src/lib/youtravel/partner-tour-repository.test.ts (4 tests) 7ms
 ✓ src/lib/maintenance-countdown.test.ts (4 tests) 3ms
 ✓ src/lib/tripster/partner-tour-levels.test.ts (4 tests) 4ms
 ✓ src/lib/sprint4-seo.test.ts (7 tests) 4ms
 ✓ src/lib/youtravel/filter-tours.test.ts (12 tests) 5ms
 ✓ src/lib/editorial-theme.test.ts (3 tests) 5ms
 ✓ src/lib/schema-json-ld.test.ts (11 tests) 4ms
 ✓ src/lib/notifications/email-outbox-security.test.ts (2 tests) 2ms
 ✓ src/lib/excursion-detail-items.test.ts (3 tests) 7ms
 ✓ src/lib/site-search.test.ts (1 test) 2ms
 ✓ src/lib/map-object-ranking.test.ts (2 tests) 2ms
 ✓ src/components/booking/BookingPreviewCard.test.ts (8 tests) 4ms
 ✓ src/lib/robots-txt.test.ts (3 tests) 2ms
 ✓ src/lib/places-filter-chips.test.ts (3 tests) 17ms
 ✓ src/lib/site-container.test.ts (2 tests) 4ms
 ✓ src/lib/map-argentina-url-state.test.ts (8 tests) 5ms
 ✓ src/lib/admin/admin-preset-capabilities.test.ts (1 test) 2ms
 ✓ src/lib/payments/payment-integrity.test.ts (9 tests) 3ms
 ✓ src/lib/maintenance-page.test.ts (2 tests) 3ms
 ✓ src/lib/route-segment-filter.test.ts (4 tests) 3ms
 ✓ src/lib/youtravel/partner-offer-occupancy.test.ts (11 tests) 4ms
 ✓ src/lib/travelpayouts/whitelabel/ensure-wl-search-responsive.test.ts (1 test) 2ms
 ✓ src/lib/cms/cms-scheduled-publish.test.ts (3 tests) 4ms
 ✓ src/lib/page-metadata.test.ts (3 tests) 3ms
 ✓ src/lib/cms/cms-page-metadata.test.ts (2 tests) 3ms
 ✓ src/lib/internal-route-access.test.ts (3 tests) 2ms
 ✓ src/lib/travelpayouts/whitelabel/flights-widget-lifecycle.test.ts (1 test) 2ms
 ✓ src/lib/cms/cms-import-preview.test.ts (4 tests) 4ms
 ✓ src/lib/tripster/booking-conditions.test.ts (2 tests) 2ms
 ✓ src/lib/catalog-seo.test.ts (2 tests) 3ms
 ✓ src/data/site-support-email.test.ts (2 tests) 2ms
 ✓ src/data/map-barrios/caba-barrios.test.ts (4 tests) 3ms
 ✓ src/lib/tour-price-bounds.test.ts (6 tests) 5ms
 ✓ src/lib/partner-booking/idempotency.test.ts (3 tests) 3ms
 ✓ src/lib/sprint3-ux.test.ts (6 tests) 4ms
 ✓ src/lib/youtravel/checkout-url.test.ts (4 tests) 2ms
 ✓ src/lib/excursion-listing-meta.test.ts (8 tests) 4ms
 ✓ src/lib/geo/validation.test.ts (7 tests) 3ms
 ✓ src/lib/cms/cms-preview.test.ts (2 tests) 3ms
 ✓ src/lib/blog-section-blocks.test.ts (2 tests) 3ms
 ✓ src/lib/blog-slug-resolve.test.ts (7 tests) 5ms
 ✓ src/lib/excursion-json-ld.test.ts (1 test) 3ms
 ✓ src/lib/search/search-readiness.test.ts (1 test) 2ms
 ✓ src/lib/site-nav-active.test.ts (5 tests) 6ms
 ✓ src/lib/search/cms-search-sync.test.ts (3 tests) 3ms
 ✓ src/data/content-plan-url-redirects.test.ts (6 tests) 3ms
 ✓ src/lib/flights/meeting-point-flight.test.ts (4 tests) 4ms
 ✓ src/lib/product-capabilities.test.ts (4 tests) 3ms
 ✓ src/lib/route-error-retry.test.ts (4 tests) 13ms
 ✓ src/lib/booking-state-machine.test.ts (3 tests) 5ms
 ✓ src/lib/excursion-catalog-filters.test.ts (3 tests) 3ms
 ✓ src/lib/cookie-consent.test.ts (2 tests) 3ms
 ✓ src/lib/form-validation.test.ts (4 tests) 3ms
 ✓ src/lib/i18n/sitemap-locales.test.ts (2 tests) 4ms
 ✓ src/lib/gallery-images.test.ts (1 test) 4ms
 ✓ src/lib/youtravel/partner-invariants.test.ts (5 tests) 3ms
 ✓ src/lib/youtravel/partner-tour-group-size.test.ts (3 tests) 2ms
 ✓ src/lib/cms/site-globals/robots-meta.test.ts (2 tests) 2ms
 ✓ src/lib/blog-p2.test.ts (2 tests) 2ms
 ✓ src/lib/cms/site-globals/locale-resolve.test.ts (5 tests) 11ms
 ✓ src/lib/auth-flow.test.ts (3 tests) 20ms
 ✓ src/lib/image-placeholder.test.ts (3 tests) 4ms
 ✓ src/lib/favorite-href.test.ts (2 tests) 2ms
 ✓ src/lib/media/partner-image-proxy.test.ts (2 tests) 2ms
 ✓ src/lib/blog-resolver-public.test.ts (2 tests) 3ms
 ✓ src/lib/payments/payment-sandbox.test.ts (6 tests) 2ms
 ✓ src/lib/tripster/open-partner-booking-url.test.ts (3 tests) 2ms
 ✓ src/lib/metadata/page-title.test.ts (3 tests) 2ms
 ✓ src/lib/cms/author-article-moderation-security.test.ts (2 tests) 3ms
 ✓ src/lib/mobile-nav.test.ts (2 tests) 3ms
 ✓ src/lib/analytics/yandex-metrika-config.test.ts (2 tests) 2ms
 ✓ src/lib/runtime-mode.test.ts (3 tests) 6ms
 ✓ src/lib/partner-tour/affiliate-fallback.test.ts (2 tests) 2ms
 ✓ src/lib/guide-section-blocks.test.ts (2 tests) 2ms
 ✓ src/lib/cms/author-article-workflow.test.ts (3 tests) 2ms
 ✓ src/lib/map-accessibility.test.ts (2 tests) 2ms
 ✓ src/lib/public-detail-existence.test.ts (1 test) 2ms
 ✓ src/lib/blog-hero-variant-cookie.test.ts (2 tests) 2ms
 ✓ src/lib/yandex-distribution-verify.test.ts (2 tests) 2ms
 ✓ src/lib/messaging/conversation-rls.test.ts (1 test) 3ms
 ✓ src/lib/database-url.test.ts (1 test) 2ms
 ✓ src/lib/booking-create-command-integrity.test.ts (2 tests) 3ms
 ✓ src/lib/tour-content-public-snapshot.test.ts (3 tests) 2ms
 ✓ src/lib/privacy/delete-automation.test.ts (1 test) 2ms
 ✓ src/lib/bookings-notify.test.ts (3 tests) 2ms

 Test Files  201 passed (201)
      Tests  1058 passed (1058)
   Start at  00:00:55
   Duration  13.99s (transform 8.20s, setup 0ms, collect 68.73s, tests 1.75s, environment 25ms, prepare 10.52s)
