✔ accepts only successful and redirected HTTP responses (1.883375ms)
✔ selects migrated sources by default and deduplicates URLs (19.982375ms)
✔ ignores relative and non-http source references (0.566125ms)
✔ accepts fresh evidence for the exact candidate tree and allowed environment (1.08625ms)
✔ rejects production baselines, another tree, missing run id, and wrong environment (0.1275ms)
✔ rejects stale, undated, and canonical production reports (0.140583ms)
✔ dirty path parser ignores staged-only and runtime outputs but rejects live inputs (0.321208ms)
✔ local candidate integrity remains strict for packaging-only directories (0.109125ms)
✔ Vercel ignores only tracked packaging deletions and still blocks source or config drift (0.112959ms)
✔ capture and finalization preserve the Vercel packaging exception (8.34825ms)
✔ finalization rejects a changed tree or dirty candidate (0.177541ms)
✔ staging candidate evidence must be bound to the deployed tree (0.147292ms)
✔ readiness routes every scored slot through the fail-closed selector (1.590208ms)
✔ every public table enables RLS and the explicit grant migration is last (2.698792ms)
✔ new and legacy Supabase projects converge on explicit grants (0.335583ms)
✔ client grants never exceed an RLS policy and anonymous access is read-only (2.916375ms)
✔ anonymous booking and waitlist mutations stay behind trusted server clients (0.5385ms)
✔ project refs are derived without exposing credentials (0.913ms)
✔ migration targets fail closed around production (0.773292ms)
✔ journal plan resumes cleanly and rejects drift or blind replay (0.497791ms)
✔ content release gate blocks on strict knowledge provenance before publication audits (0.717292ms)
✔ CI installs the pinned knowledge validator dependency before the release gate (0.107666ms)
✔ isolates the live production SEO baseline from candidate evidence (1.04425ms)
✔ ignores the canonical candidate report variable for the live baseline (0.109291ms)
✔ does not add SEO report settings to unrelated checks (0.078958ms)
✔ accepts BlogPosting as a specialized Article schema (0.554125ms)
✔ keeps unrelated schema expectations exact (0.101292ms)
ℹ tests 27
ℹ suites 0
ℹ pass 27
ℹ fail 0
ℹ cancelled 0
ℹ skipped 0
ℹ todo 0
ℹ duration_ms 142.142458
